stm32l1xx_hal_dma.c:863:13:DMA_SetConfig	12	static
stm32l1xx_hal_dma.c:143:19:HAL_DMA_Init	4	static
stm32l1xx_hal_dma.c:222:19:HAL_DMA_DeInit	4	static
stm32l1xx_hal_dma.c:314:19:HAL_DMA_Start	16	static
stm32l1xx_hal_dma.c:357:19:HAL_DMA_Start_IT	16	static
stm32l1xx_hal_dma.c:412:19:HAL_DMA_Abort	0	static
stm32l1xx_hal_dma.c:453:19:HAL_DMA_Abort_IT	8	static
stm32l1xx_hal_dma.c:498:19:HAL_DMA_PollForTransfer	32	static
stm32l1xx_hal_dma.c:599:6:HAL_DMA_IRQHandler	16	static
stm32l1xx_hal_dma.c:696:19:HAL_DMA_RegisterCallback	0	static
stm32l1xx_hal_dma.c:747:19:HAL_DMA_UnRegisterCallback	0	static
stm32l1xx_hal_dma.c:825:22:HAL_DMA_GetState	0	static
stm32l1xx_hal_dma.c:837:10:HAL_DMA_GetError	0	static
