stm32l1xx_hal_flash_ex.c:1060:16:FLASH_OB_GetUser	0	static
stm32l1xx_hal_flash_ex.c:1074:16:FLASH_OB_GetRDP	0	static
stm32l1xx_hal_flash_ex.c:1092:16:FLASH_OB_GetBOR	0	static
stm32l1xx_hal_flash_ex.c:1237:13:FLASH_OB_WRPConfigWRP1OrPCROP1	0	static
stm32l1xx_hal_flash_ex.c:1106:26:FLASH_OB_WRPConfig	16	static
stm32l1xx_hal_flash_ex.c:958:26:FLASH_OB_RDPConfig	8	static
stm32l1xx_hal_flash_ex.c:1424:26:FLASH_OB_UserConfig	8	static
stm32l1xx_hal_flash_ex.c:1022:26:FLASH_OB_BORConfig	8	static
stm32l1xx_hal_flash_ex.c:1800:26:FLASH_DATAEEPROM_ProgramWord	16	static
stm32l1xx_hal_flash_ex.c:1654:26:FLASH_DATAEEPROM_FastProgramWord	16	static
stm32l1xx_hal_flash_ex.c:406:19:HAL_FLASHEx_OBProgram	8	static
stm32l1xx_hal_flash_ex.c:488:6:HAL_FLASHEx_OBGetConfig	8	static
stm32l1xx_hal_flash_ex.c:751:19:HAL_FLASHEx_DATAEEPROM_Unlock	0	static
stm32l1xx_hal_flash_ex.c:770:19:HAL_FLASHEx_DATAEEPROM_Lock	0	static
stm32l1xx_hal_flash_ex.c:790:19:HAL_FLASHEx_DATAEEPROM_Erase	16	static
stm32l1xx_hal_flash_ex.c:848:21:HAL_FLASHEx_DATAEEPROM_Program	16	static
stm32l1xx_hal_flash_ex.c:1739:26:FLASH_DATAEEPROM_ProgramHalfWord	16	static
stm32l1xx_hal_flash_ex.c:1685:26:FLASH_DATAEEPROM_ProgramByte	16	static
stm32l1xx_hal_flash_ex.c:1526:26:FLASH_DATAEEPROM_FastProgramByte	16	static
stm32l1xx_hal_flash_ex.c:1586:26:FLASH_DATAEEPROM_FastProgramHalfWord	16	static
stm32l1xx_hal_flash_ex.c:913:6:HAL_FLASHEx_DATAEEPROM_EnableFixedTimeProgram	0	static
stm32l1xx_hal_flash_ex.c:922:6:HAL_FLASHEx_DATAEEPROM_DisableFixedTimeProgram	0	static
stm32l1xx_hal_flash_ex.c:1845:6:FLASH_PageErase	0	static
stm32l1xx_hal_flash_ex.c:187:19:HAL_FLASHEx_Erase	16	static
stm32l1xx_hal_flash_ex.c:283:19:HAL_FLASHEx_Erase_IT	16	static
